[tokentelegram.net/login/index.html]
[backblue.gif]
[fade.gif]
[index.html]
[tokentelegram.net/login/index_files/font-awesome.min.css]
[tokentelegram.net/login/images/fav.png]
[tokentelegram.net/login/index_files/style.minf385.css]
[tokentelegram.net/login/index_files/modernizr.custom.min.js.hxd]
[tokentelegram.net/login/index_files/tether.min.js.hxd]
[tokentelegram.net/login/index_files/font-awesome.min(1).css]
[tokentelegram.net/login/index_files/js.txt]
[tokentelegram.net/login/index_files/stormbg-min.jpg]
[tokentelegram.net/login/reg.html]
[tokentelegram.net/login/send_pass.html]
[tokentelegram.net/login/index_files/firebase.js.hxd]
[tokentelegram.net/login/index_files/plugins.min.js.hxd]
[tokentelegram.net/login/index_files/scripts.min.js.hxd]
[tokentelegram.net/login/index.html]
[tokentelegram.net/login/index9cff.html]
[tokentelegram.net/login/fonts/fontawesome-webfont3e6e3e6e.html@v=4.7.0.html]
[tokentelegram.net/login/fonts/fontawesome-webfontd41dd41d.html@.html]
[tokentelegram.net/login/fonts/fontawesome-webfont.txt]
[tokentelegram.net/login/fonts/fontawesome-webfont.woff]
[tokentelegram.net/login/fonts/fontawesome-webfont.ttf.html]
[tokentelegram.net/login/index_files/font-awesome.min.css]
[tokentelegram.net/login/fonts/fontawesome-webfont.svg]
[tokentelegram.net/login/s/montserrat/v11/CdKWaRAal2Bxq9mORLKRRYnF5uFdDttMLvmWuJdhhgs.html]
[tokentelegram.net/login/s/montserrat/v11/IVeH6A3MiFyaSEiudUMXE-LrC4Du4e_yfTJ8Ol60xk0.html]
[tokentelegram.net/login/s/montserrat/v11/zhcz-_WihjSQC0oHJ9TCYC3USBnSvpkopQaUR-2r7iU.html]
[tokentelegram.net/login/index_files/style.minf385.css]
[tokentelegram.net/login/index_files/font-awesome.min(1).css]
[tokentelegram.net/login/reg.html]
[tokentelegram.net/login/send_pass.html]
[tokentelegram.net/login/index9cff.html]
[tokentelegram.net/login/s-core/index.html]
[tokentelegram.net/login/fonts/fontawesome-webfont3e6e3e6e.html@v=4.7.0.html]
[tokentelegram.net/login/fonts/fontawesome-webfontd41dd41d.html@.html]
[tokentelegram.net/login/fonts/fontawesome-webfont.ttf.html]
[tokentelegram.net/login/fonts/fontawesome-webfont.svg]
[tokentelegram.net/login/s/montserrat/v11/CdKWaRAal2Bxq9mORLKRRYnF5uFdDttMLvmWuJdhhgs.html]
[tokentelegram.net/login/s/montserrat/v11/IVeH6A3MiFyaSEiudUMXE-LrC4Du4e_yfTJ8Ol60xk0.html]
[tokentelegram.net/login/s/montserrat/v11/zhcz-_WihjSQC0oHJ9TCYC3USBnSvpkopQaUR-2r7iU.html]
[tokentelegram.net/login/s/montserrat/v11/IQHow_FEYlDC4Gzy_m8fcvEr6Hm6RMS0v1dtXsGir4g.html]
[tokentelegram.net/login/s/montserrat/v11/IQHow_FEYlDC4Gzy_m8fcvEr6Hm6RMS0v1dtXsGir4g.html]
